THERMITE // pour 01M0F69QMJ03VCW86Q56DQ09FD
commit  9765faebf89ff250eafd585e286f912f49bd368e
run     32351517523
target  aarch64-apple-darwin
rust    stable
runner  macOS/ARM64

$ rustup toolchain install stable --profile minimal
info: syncing channel updates for stable-aarch64-apple-darwin

  stable-aarch64-apple-darwin unchanged - rustc 1.97.1 (8bab26f4f 2026-07-14)

info: self-update is disabled for this build of rustup
info: any updates to rustup will need to be fetched with your system package manager

$ rustup target add aarch64-apple-darwin --toolchain stable
info: component rust-std is up to date

  rustc 1.97.1 (8bab26f4f 2026-07-14)
  cargo 1.97.1 (c980f4866 2026-06-30)
  runner macOS/ARM64
##thermite:toolchain-ready
  sandbox  none (native macOS runner — see repo README)

##thermite:compiling
$ cargo +stable build --release --target aarch64-apple-darwin

[1m[92m    Updating[0m crates.io index
[1m[92m     Locking[0m 25 packages to latest compatible versions
[1m[92m      Adding[0m rustypath v0.1.1 [1m[33m(available: v1.2.2)[0m
[1m[92m Downloading[0m crates ...
[1m[92m  Downloaded[0m dirs v5.0.1
[1m[92m  Downloaded[0m option-ext v0.2.0
[1m[92m  Downloaded[0m dirs-sys v0.4.1
[1m[92m  Downloaded[0m libc v0.2.189
[1m[92m  Downloaded[0m rustypath v0.1.1
[1m[92m   Compiling[0m libc v0.2.189
[1m[92m   Compiling[0m option-ext v0.2.0
[1m[92m   Compiling[0m dirs-sys v0.4.1
[1m[92m   Compiling[0m dirs v5.0.1
[1m[92m   Compiling[0m rustypath v0.1.1
[1m[92m   Compiling[0m argrust v1.0.0 (/Users/runner/work/thermite-crucible/thermite-crucible/jobs/01M0F69QMJ03VCW86Q56DQ09FD/source)
[1m[92m    Finished[0m `release` profile [optimized] target(s) in 6.81s

##thermite:linking
Compiled clean. Casting the ingot.
##thermite:packaged thermite-01M0F69QMJ03VCW86Q56DQ09FD.tar.gz sha256=f00caa5fe1b96ca17a18710cb6654fb0e9bffac2880c45af0ce0b88437eed53c
