THERMITE // pour 01M0HDG0FWDH19KGXE0Z1BBD14
commit  9bb26be2108b0ccf1bcab2b30f759cdf6bbc0a28
run     32451575384
target  aarch64-apple-darwin
rust    stable
runner  macOS/ARM64

$ git clone --depth 1 https://github.com/d33p0st/argrust.git (ref main)
  fetched d33p0st/argrust @ main
  8 files, 0.0 MiB
##thermite:fetched
$ rustup toolchain install stable --profile minimal
info: syncing channel updates for stable-aarch64-apple-darwin
info: latest update on 2026-08-20 for version 1.98.0 (88d9e12ae 2026-08-18)
info: removing previous version of component clippy
info: removing previous version of component rustfmt
info: removing previous version of component cargo
info: removing previous version of component rust-std
info: removing previous version of component rustc
info: downloading 5 components

  stable-aarch64-apple-darwin updated - rustc 1.98.0 (88d9e12ae 2026-08-18) (from rustc 1.97.1 (8bab26f4f 2026-07-14))

info: self-update is disabled for this build of rustup
info: any updates to rustup will need to be fetched with your system package manager

$ rustup target add aarch64-apple-darwin --toolchain stable
info: component rust-std is up to date
