THERMITE // pour 01M0F5CC28DAS3TTB6ZQMY6JV0
commit  125a8a6537bf8b12942d12f4ba75054a31113b43
run     32350171314
target  aarch64-apple-darwin
rust    stable
runner  macOS/ARM64

$ rustup toolchain install stable --profile minimal
info: syncing channel updates for stable-aarch64-apple-darwin

  stable-aarch64-apple-darwin unchanged - rustc 1.97.1 (8bab26f4f 2026-07-14)

info: self-update is disabled for this build of rustup
info: any updates to rustup will need to be fetched with your system package manager

$ rustup target add aarch64-apple-darwin --toolchain stable
info: component rust-std is up to date

  rustc 1.97.1 (8bab26f4f 2026-07-14)
  cargo 1.97.1 (c980f4866 2026-06-30)
  runner macOS/ARM64
##thermite:toolchain-ready
  sandbox  none (native macOS runner — see repo README)

##thermite:compiling
$ cargo +stable build --release --target aarch64-apple-darwin


##thermite:failed:1
Compilation failed. Exit code 1.

BUILD FAILED

##thermite:end:FAILED
